[2026-08-04 08:23:53] Критическая ошибка: App\Core\Router::dispatch(): Return value must be of type App\Interfaces\ResponseInterface, null returned в файле /var/www/html/src/Core/Router.php на строке 108
Стек вызовов:
#0 /var/www/html/public/index.php(35): App\Core\Router->dispatch()
#1 {main}

[2026-08-04 09:14:53] Критическая ошибка: Built-in parameter path has no default value. в файле /var/www/html/src/Core/Container.php на строке 83
Стек вызовов:
#0 /var/www/html/src/Core/Container.php(86): App\Core\Container->get('App\\Core\\View')
#1 /var/www/html/src/Core/Router.php(105): App\Core\Container->get('App\\Controllers...')
#2 /var/www/html/public/index.php(35): App\Core\Router->dispatch()
#3 {main}

[2026-08-04 09:19:02] Критическая ошибка: syntax error, unexpected token "public" в файле /var/www/html/src/Core/View.php на строке 9
Стек вызовов:
#0 /var/www/html/vendor/composer/ClassLoader.php(427): Composer\Autoload\{closure}('/var/www/html/v...')
#1 [internal function]: Composer\Autoload\ClassLoader->loadClass('App\\Core\\View')
#2 /var/www/html/src/Core/Container.php(55): class_exists('App\\Core\\View')
#3 /var/www/html/src/Core/Container.php(86): App\Core\Container->get('App\\Core\\View')
#4 /var/www/html/src/Core/Router.php(105): App\Core\Container->get('App\\Controllers...')
#5 /var/www/html/public/index.php(35): App\Core\Router->dispatch()
#6 {main}

[2026-08-05 08:43:57] Критическая ошибка: syntax error, unexpected token ":" в файле /var/www/html/src/Services/ImporterService.php на строке 63
Стек вызовов:
#0 /var/www/html/vendor/composer/ClassLoader.php(427): Composer\Autoload\{closure}('/var/www/html/v...')
#1 [internal function]: Composer\Autoload\ClassLoader->loadClass('App\\Services\\Im...')
#2 /var/www/html/src/Core/Container.php(55): class_exists('App\\Services\\Im...')
#3 /var/www/html/src/Core/Container.php(86): App\Core\Container->get('App\\Services\\Im...')
#4 /var/www/html/src/Core/Router.php(105): App\Core\Container->get('App\\Controllers...')
#5 /var/www/html/public/index.php(35): App\Core\Router->dispatch()
#6 {main}

[2026-08-05 08:44:45] Критическая ошибка: syntax error, unexpected variable "$fileLine" в файле /var/www/html/src/Services/ImporterService.php на строке 63
Стек вызовов:
#0 /var/www/html/vendor/composer/ClassLoader.php(427): Composer\Autoload\{closure}('/var/www/html/v...')
#1 [internal function]: Composer\Autoload\ClassLoader->loadClass('App\\Services\\Im...')
#2 /var/www/html/src/Core/Container.php(55): class_exists('App\\Services\\Im...')
#3 /var/www/html/src/Core/Container.php(86): App\Core\Container->get('App\\Services\\Im...')
#4 /var/www/html/src/Core/Router.php(105): App\Core\Container->get('App\\Controllers...')
#5 /var/www/html/public/index.php(35): App\Core\Router->dispatch()
#6 {main}

[2026-08-05 08:44:55] Критическая ошибка: syntax error, unexpected variable "$fileLine" в файле /var/www/html/src/Services/ImporterService.php на строке 63
Стек вызовов:
#0 /var/www/html/vendor/composer/ClassLoader.php(427): Composer\Autoload\{closure}('/var/www/html/v...')
#1 [internal function]: Composer\Autoload\ClassLoader->loadClass('App\\Services\\Im...')
#2 /var/www/html/src/Core/Container.php(55): class_exists('App\\Services\\Im...')
#3 /var/www/html/src/Core/Container.php(86): App\Core\Container->get('App\\Services\\Im...')
#4 /var/www/html/src/Core/Router.php(105): App\Core\Container->get('App\\Controllers...')
#5 /var/www/html/public/index.php(35): App\Core\Router->dispatch()
#6 {main}

